

================================================================
== Vivado HLS Report for 'Block_proc'
================================================================
* Date:           Fri Jul 31 10:41:56 2020

* Version:        2018.3 (Build 2405991 on Thu Dec 06 23:56:15 MST 2018)
* Project:        warpPerpective
* Solution:       FullHD_solution
* Product family: zynq
* Target device:  xc7z020clg484-1


================================================================
== Performance Estimates
================================================================
+ Timing (ns): 
    * Summary: 
    +--------+-------+----------+------------+
    |  Clock | Target| Estimated| Uncertainty|
    +--------+-------+----------+------------+
    |ap_clk  |  10.00|     3.634|        1.25|
    +--------+-------+----------+------------+

+ Latency (clock cycles): 
    * Summary: 
    +-----+-----+-----+-----+---------+
    |  Latency  |  Interval | Pipeline|
    | min | max | min | max |   Type  |
    +-----+-----+-----+-----+---------+
    |    0|    0|    0|    0|   none  |
    +-----+-----+-----+-----+---------+

    + Detail: 
        * Instance: 
        N/A

        * Loop: 
        N/A

============================================================
+ Verbose Summary: Synthesis Manager
============================================================
InlineROM: 1
ExposeGlobal: 0
============================================================
+ Verbose Summary: CDFG Model
============================================================
IsTopModel: 0
ResetActiveHigh: 1
IsCombinational: 2
IsDatapathOnly: 0
HasWiredReturn: 1
HasMFsm: 0
HasVarLatency: 0
IsPipeline: 0
IsRtlPipelined: 0
IsInstanceOverlapped: 0
IsDontTouch: 0
HasImplIP: 0
IsGatedGlobalClock: 0


============================================================
+ Verbose Summary: Schedule
============================================================
* Number of FSM states : 1
* Pipeline : 0
* Dataflow Pipeline: 0

* FSM state transitions: 
1 --> 

* FSM state operations: 

State 1 <SV = 0> <Delay = 3.63>
ST_1 : Operation 2 [1/1] (0.00ns)   --->   "call void (...)* @_ssdm_op_SpecInterface(i12* %imgOutput1_cols_out, [8 x i8]* @ap_fifo_str, i32 0, i32 0, [1 x i8]* @p_str226, i32 0, i32 0, [1 x i8]* @p_str227, [1 x i8]* @p_str228, [1 x i8]* @p_str229, i32 2, i32 2, i32 16, i32 16, [1 x i8]* @p_str230, [1 x i8]* @p_str231)"   --->   Operation 2 'specinterface' <Predicate = true> <Delay = 0.00>
ST_1 : Operation 3 [1/1] (0.00ns)   --->   "call void (...)* @_ssdm_op_SpecInterface(i12* %imgOutput1_rows_out, [8 x i8]* @ap_fifo_str, i32 0, i32 0, [1 x i8]* @p_str220, i32 0, i32 0, [1 x i8]* @p_str221, [1 x i8]* @p_str222, [1 x i8]* @p_str223, i32 2, i32 2, i32 16, i32 16, [1 x i8]* @p_str224, [1 x i8]* @p_str225)"   --->   Operation 3 'specinterface' <Predicate = true> <Delay = 0.00>
ST_1 : Operation 4 [1/1] (0.00ns)   --->   "call void (...)* @_ssdm_op_SpecInterface(i12* %imgInput1_cols_out, [8 x i8]* @ap_fifo_str, i32 0, i32 0, [1 x i8]* @p_str214, i32 0, i32 0, [1 x i8]* @p_str215, [1 x i8]* @p_str216, [1 x i8]* @p_str217, i32 2, i32 2, i32 16, i32 16, [1 x i8]* @p_str218, [1 x i8]* @p_str219)"   --->   Operation 4 'specinterface' <Predicate = true> <Delay = 0.00>
ST_1 : Operation 5 [1/1] (0.00ns)   --->   "call void (...)* @_ssdm_op_SpecInterface(i12* %imgInput1_rows_out, [8 x i8]* @ap_fifo_str, i32 0, i32 0, [1 x i8]* @p_str208, i32 0, i32 0, [1 x i8]* @p_str209, [1 x i8]* @p_str210, [1 x i8]* @p_str211, i32 2, i32 2, i32 16, i32 16, [1 x i8]* @p_str212, [1 x i8]* @p_str213)"   --->   Operation 5 'specinterface' <Predicate = true> <Delay = 0.00>
ST_1 : Operation 6 [1/1] (3.63ns)   --->   "call void @_ssdm_op_Write.ap_fifo.i12P(i12* %imgInput1_rows_out, i12 1080)" [C:/Users/ASUS/AppData/Roaming/Xilinx/Vivado/arrayFAST/.lib/include/common/xf_structs.h:650->C:/Users/ASUS/AppData/Roaming/Xilinx/Vivado/arrayFAST/.lib/include/common/xf_structs.h:535->C:/Users/ASUS/AppData/Roaming/Xilinx/Vivado/arrayFAST/.lib/include/common/xf_structs.h:537->warpPerpective/warpPerspective_accel.cpp:9]   --->   Operation 6 'write' <Predicate = true> <Delay = 3.63> <Core = "FIFO">   --->   Core 32 'FIFO' <Latency = 0> <II = 1> <Delay = 3.63> <Storage> <Opcode : 'read' 'write' 'nbread' 'nbwrite'> <Ports = 0> <Width = 12> <Depth = 2> <FIFO>
ST_1 : Operation 7 [1/1] (3.63ns)   --->   "call void @_ssdm_op_Write.ap_fifo.i12P(i12* %imgInput1_cols_out, i12 1920)" [C:/Users/ASUS/AppData/Roaming/Xilinx/Vivado/arrayFAST/.lib/include/common/xf_structs.h:651->C:/Users/ASUS/AppData/Roaming/Xilinx/Vivado/arrayFAST/.lib/include/common/xf_structs.h:535->C:/Users/ASUS/AppData/Roaming/Xilinx/Vivado/arrayFAST/.lib/include/common/xf_structs.h:537->warpPerpective/warpPerspective_accel.cpp:9]   --->   Operation 7 'write' <Predicate = true> <Delay = 3.63> <Core = "FIFO">   --->   Core 32 'FIFO' <Latency = 0> <II = 1> <Delay = 3.63> <Storage> <Opcode : 'read' 'write' 'nbread' 'nbwrite'> <Ports = 0> <Width = 12> <Depth = 2> <FIFO>
ST_1 : Operation 8 [1/1] (3.63ns)   --->   "call void @_ssdm_op_Write.ap_fifo.i12P(i12* %imgOutput1_rows_out, i12 1080)" [C:/Users/ASUS/AppData/Roaming/Xilinx/Vivado/arrayFAST/.lib/include/common/xf_structs.h:650->C:/Users/ASUS/AppData/Roaming/Xilinx/Vivado/arrayFAST/.lib/include/common/xf_structs.h:535->C:/Users/ASUS/AppData/Roaming/Xilinx/Vivado/arrayFAST/.lib/include/common/xf_structs.h:537->warpPerpective/warpPerspective_accel.cpp:10]   --->   Operation 8 'write' <Predicate = true> <Delay = 3.63> <Core = "FIFO">   --->   Core 32 'FIFO' <Latency = 0> <II = 1> <Delay = 3.63> <Storage> <Opcode : 'read' 'write' 'nbread' 'nbwrite'> <Ports = 0> <Width = 12> <Depth = 2> <FIFO>
ST_1 : Operation 9 [1/1] (3.63ns)   --->   "call void @_ssdm_op_Write.ap_fifo.i12P(i12* %imgOutput1_cols_out, i12 1920)" [C:/Users/ASUS/AppData/Roaming/Xilinx/Vivado/arrayFAST/.lib/include/common/xf_structs.h:651->C:/Users/ASUS/AppData/Roaming/Xilinx/Vivado/arrayFAST/.lib/include/common/xf_structs.h:535->C:/Users/ASUS/AppData/Roaming/Xilinx/Vivado/arrayFAST/.lib/include/common/xf_structs.h:537->warpPerpective/warpPerspective_accel.cpp:10]   --->   Operation 9 'write' <Predicate = true> <Delay = 3.63> <Core = "FIFO">   --->   Core 32 'FIFO' <Latency = 0> <II = 1> <Delay = 3.63> <Storage> <Opcode : 'read' 'write' 'nbread' 'nbwrite'> <Ports = 0> <Width = 12> <Depth = 2> <FIFO>
ST_1 : Operation 10 [1/1] (0.00ns)   --->   "ret void"   --->   Operation 10 'ret' <Predicate = true> <Delay = 0.00>


============================================================
+ Verbose Summary: Timing violations
============================================================
Target clock period: 10ns, clock uncertainty: 1.25ns.

 <State 1>: 3.63ns
The critical path consists of the following:
	fifo write on port 'imgInput1_rows_out' (C:/Users/ASUS/AppData/Roaming/Xilinx/Vivado/arrayFAST/.lib/include/common/xf_structs.h:650->C:/Users/ASUS/AppData/Roaming/Xilinx/Vivado/arrayFAST/.lib/include/common/xf_structs.h:535->C:/Users/ASUS/AppData/Roaming/Xilinx/Vivado/arrayFAST/.lib/include/common/xf_structs.h:537->warpPerpective/warpPerspective_accel.cpp:9) [9]  (3.63 ns)


============================================================
+ Verbose Summary: Binding
============================================================
N/A
* FSMD analyzer results:
  - Output states:
 - Input state : 
  - Chain level:
	State 1


============================================================
+ Verbose Summary: Datapath Resource usage 
============================================================
N/A
